{"level":"info","message":"=========================================","timestamp":"2026-08-06 15:14:25"}
{"level":"info","message":"FlowCRM AI Enterprise Backend Initialized","timestamp":"2026-08-06 15:14:25"}
{"level":"info","message":"Port: 5000","timestamp":"2026-08-06 15:14:25"}
{"level":"info","message":"Environment: development","timestamp":"2026-08-06 15:14:25"}
{"level":"info","message":"=========================================","timestamp":"2026-08-06 15:14:25"}
{"level":"info","message":"PostgreSQL connection client pool initialized and active.","timestamp":"2026-08-06 15:14:47"}
{"level":"info","message":"GET /api/v1/health 200 337 - 3593.792 ms","timestamp":"2026-08-06 15:23:07"}
{"level":"info","message":"=========================================","timestamp":"2026-08-06 18:27:20"}
{"level":"info","message":"FlowCRM AI Enterprise Backend Initialized","timestamp":"2026-08-06 18:27:20"}
{"level":"info","message":"Port: 5000","timestamp":"2026-08-06 18:27:20"}
{"level":"info","message":"Environment: development","timestamp":"2026-08-06 18:27:20"}
{"level":"info","message":"=========================================","timestamp":"2026-08-06 18:27:20"}
{"level":"info","message":"PostgreSQL connection client pool initialized and active.","timestamp":"2026-08-06 18:27:22"}
{"level":"info","message":"GET /api/v1/subscriptions 401 184 - 14.675 ms","timestamp":"2026-08-06 18:47:52"}
{"level":"error","message":"Invalid email or password","method":"POST","requestId":"c1e165bf-6290-4390-81d2-faf50fcca84e","stack":"Error: Invalid email or password\n    at AuthService.login (C:\\valli\\FlowCRM AI Enterprise\\backend\\dist\\services\\auth.service.js:90:25)\n    at process.processTicksAndRejections (node:internal/process/task_queues:103:5)\n    at async login (C:\\valli\\FlowCRM AI Enterprise\\backend\\dist\\controllers\\auth.controller.js:75:28)","statusCode":401,"timestamp":"2026-08-06 18:48:04","url":"/api/v1/auth/login"}
{"level":"info","message":"POST /api/v1/auth/login 401 162 - 2343.285 ms","timestamp":"2026-08-06 18:48:04"}
{"level":"info","message":"POST /api/v1/auth/login 200 7885 - 2800.372 ms","timestamp":"2026-08-06 18:48:26"}
{"level":"error","message":"Prisma Error: \nInvalid `db_1.prisma.subscription.findMany()` invocation in\nC:\\valli\\FlowCRM AI Enterprise\\backend\\dist\\subscriptions\\repository\\subscription.repository.js:7:41\n\n  4 const db_1 = require(\"../../database/db\");\n  5 class SubscriptionRepository {\n  6     async findMany(params) {\n→ 7         return db_1.prisma.subscription.findMany({\n              skip: 0,\n              take: 10,\n              where: {\n                deletedAt: null\n              },\n              orderBy: {\n                createdAt: \"desc\"\n              },\n              include: {\n                customer: {\n                  select: {\n                    id: true,\n                    name: true,\n                    email: true\n                  }\n                },\n                plan: {\n                  select: {\n                    id: true,\n                    name: true,\n                    price: true,\n                    interval: true,\n                    ~~~~~~~~\n            ?       description?: true,\n            ?       billingPeriod?: true,\n            ?       currency?: true,\n            ?       isActive?: true,\n            ?       features?: true,\n            ?       maxUsers?: true,\n            ?       maxStorage?: true,\n            ?       createdBy?: true,\n            ?       updatedBy?: true,\n            ?       deletedBy?: true,\n            ?       createdAt?: true,\n            ?       updatedAt?: true,\n            ?       deletedAt?: true,\n            ?       version?: true,\n            ?       subscriptions?: true,\n            ?       _count?: true\n                  }\n                }\n              }\n            })\n\nUnknown field `interval` for select statement on model `SubscriptionPlan`. Available options are marked with ?.","timestamp":"2026-08-06 18:48:26"}
{"level":"error","message":"\nInvalid `db_1.prisma.subscription.findMany()` invocation in\nC:\\valli\\FlowCRM AI Enterprise\\backend\\dist\\subscriptions\\repository\\subscription.repository.js:7:41\n\n  4 const db_1 = require(\"../../database/db\");\n  5 class SubscriptionRepository {\n  6     async findMany(params) {\n→ 7         return db_1.prisma.subscription.findMany({\n              skip: 0,\n              take: 10,\n              where: {\n                deletedAt: null\n              },\n              orderBy: {\n                createdAt: \"desc\"\n              },\n              include: {\n                customer: {\n                  select: {\n                    id: true,\n                    name: true,\n                    email: true\n                  }\n                },\n                plan: {\n                  select: {\n                    id: true,\n                    name: true,\n                    price: true,\n                    interval: true,\n                    ~~~~~~~~\n            ?       description?: true,\n            ?       billingPeriod?: true,\n            ?       currency?: true,\n            ?       isActive?: true,\n            ?       features?: true,\n            ?       maxUsers?: true,\n            ?       maxStorage?: true,\n            ?       createdBy?: true,\n            ?       updatedBy?: true,\n            ?       deletedBy?: true,\n            ?       createdAt?: true,\n            ?       updatedAt?: true,\n            ?       deletedAt?: true,\n            ?       version?: true,\n            ?       subscriptions?: true,\n            ?       _count?: true\n                  }\n                }\n              }\n            })\n\nUnknown field `interval` for select statement on model `SubscriptionPlan`. Available options are marked with ?.","method":"GET","requestId":"09d67980-fff2-4a75-a227-5f5282443c9c","stack":"PrismaClientValidationError: \nInvalid `db_1.prisma.subscription.findMany()` invocation in\nC:\\valli\\FlowCRM AI Enterprise\\backend\\dist\\subscriptions\\repository\\subscription.repository.js:7:41\n\n  4 const db_1 = require(\"../../database/db\");\n  5 class SubscriptionRepository {\n  6     async findMany(params) {\n→ 7         return db_1.prisma.subscription.findMany({\n              skip: 0,\n              take: 10,\n              where: {\n                deletedAt: null\n              },\n              orderBy: {\n                createdAt: \"desc\"\n              },\n              include: {\n                customer: {\n                  select: {\n                    id: true,\n                    name: true,\n                    email: true\n                  }\n                },\n                plan: {\n                  select: {\n                    id: true,\n                    name: true,\n                    price: true,\n                    interval: true,\n                    ~~~~~~~~\n            ?       description?: true,\n            ?       billingPeriod?: true,\n            ?       currency?: true,\n            ?       isActive?: true,\n            ?       features?: true,\n            ?       maxUsers?: true,\n            ?       maxStorage?: true,\n            ?       createdBy?: true,\n            ?       updatedBy?: true,\n            ?       deletedBy?: true,\n            ?       createdAt?: true,\n            ?       updatedAt?: true,\n            ?       deletedAt?: true,\n            ?       version?: true,\n            ?       subscriptions?: true,\n            ?       _count?: true\n                  }\n                }\n              }\n            })\n\nUnknown field `interval` for select statement on model `SubscriptionPlan`. Available options are marked with ?.\n    at ar (C:\\valli\\FlowCRM AI Enterprise\\backend\\node_modules\\@prisma\\client\\runtime\\client.js:10:1374)\n    at zr.handleRequestError (C:\\valli\\FlowCRM AI Enterprise\\backend\\node_modules\\@prisma\\client\\runtime\\client.js:65:7929)\n    at zr.handleAndLogRequestError (C:\\valli\\FlowCRM AI Enterprise\\backend\\node_modules\\@prisma\\client\\runtime\\client.js:65:7581)\n    at zr.request (C:\\valli\\FlowCRM AI Enterprise\\backend\\node_modules\\@prisma\\client\\runtime\\client.js:65:7288)\n    at process.processTicksAndRejections (node:internal/process/task_queues:103:5)\n    at async a (C:\\valli\\FlowCRM AI Enterprise\\backend\\node_modules\\@prisma\\client\\runtime\\client.js:75:6862)\n    at async Promise.all (index 0)\n    at async Object.getSubscriptions (C:\\valli\\FlowCRM AI Enterprise\\backend\\dist\\subscriptions\\service\\subscription.service.js:61:32)\n    at async list (C:\\valli\\FlowCRM AI Enterprise\\backend\\dist\\subscriptions\\controller\\subscription.controller.js:50:28)","statusCode":500,"timestamp":"2026-08-06 18:48:26","url":"/api/v1/subscriptions"}
{"level":"info","message":"GET /api/v1/subscriptions 500 1946 - 41.275 ms","timestamp":"2026-08-06 18:48:26"}
{"level":"info","message":"=========================================","timestamp":"2026-08-06 18:49:52"}
{"level":"info","message":"FlowCRM AI Enterprise Backend Initialized","timestamp":"2026-08-06 18:49:52"}
{"level":"info","message":"Port: 5000","timestamp":"2026-08-06 18:49:52"}
{"level":"info","message":"Environment: development","timestamp":"2026-08-06 18:49:52"}
{"level":"info","message":"=========================================","timestamp":"2026-08-06 18:49:52"}
{"level":"info","message":"PostgreSQL connection client pool initialized and active.","timestamp":"2026-08-06 18:49:54"}
{"level":"info","message":"POST /api/v1/auth/login 200 7885 - 3140.740 ms","timestamp":"2026-08-06 18:58:34"}
{"level":"info","message":"GET /api/v1/subscriptions 200 248 - 255.011 ms","timestamp":"2026-08-06 18:58:34"}
{"level":"info","message":"GET /api/v1/orders 200 241 - 265.438 ms","timestamp":"2026-08-06 18:58:35"}
{"level":"info","message":"GET /api/v1/deals?page=1&limit=5 200 239 - 959.077 ms","timestamp":"2026-08-06 18:58:36"}
{"level":"info","message":"POST /api/v1/auth/login 200 7885 - 3646.354 ms","timestamp":"2026-08-06 19:01:55"}
{"level":"info","message":"GET /api/v1/deals/statistics 400 216 - 1.490 ms","timestamp":"2026-08-06 19:01:56"}
{"level":"info","message":"GET /api/v1/deals/employees 200 538 - 206.534 ms","timestamp":"2026-08-06 19:01:56"}
{"level":"info","message":"GET /api/v1/customers 200 264 - 1.168 ms","timestamp":"2026-08-06 19:01:56"}
{"level":"info","message":"GET /api/v1/companies 200 1467 - 421.098 ms","timestamp":"2026-08-06 19:01:56"}
{"level":"info","message":"GET /api/v1/contacts?limit=100 200 244 - 1494.960 ms","timestamp":"2026-08-06 19:01:58"}
{"level":"info","message":"GET /api/v1/leads?limit=100 200 241 - 404.084 ms","timestamp":"2026-08-06 19:01:58"}
{"level":"info","message":"GET /api/v1/pipelines 200 703 - 1.374 ms","timestamp":"2026-08-06 19:01:58"}
{"level":"info","message":"GET /api/v1/deals/pipeline 200 3102 - 262.421 ms","timestamp":"2026-08-06 19:01:59"}
{"level":"info","message":"GET /api/v1/deals/kanban 200 26 - 1682.128 ms","timestamp":"2026-08-06 19:02:00"}
