{"level":"info","message":"=========================================","timestamp":"2026-07-16 19:19:04"}
{"level":"info","message":"FlowCRM AI Enterprise Backend Initialized","timestamp":"2026-07-16 19:19:04"}
{"level":"info","message":"Port: 5000","timestamp":"2026-07-16 19:19:05"}
{"level":"info","message":"Environment: development","timestamp":"2026-07-16 19:19:05"}
{"level":"info","message":"=========================================","timestamp":"2026-07-16 19:19:05"}
{"error":"jwt expired","level":"error","message":"Authentication check failed","timestamp":"2026-07-16 19:19:07"}
{"level":"info","message":"GET /api/v1/dashboard/overview 401 217 - 20.494 ms","timestamp":"2026-07-16 19:19:07"}
{"error":"jwt expired","level":"error","message":"Authentication check failed","timestamp":"2026-07-16 19:19:07"}
{"level":"info","message":"GET /api/v1/dashboard/charts?timeframe=30d 401 217 - 3.371 ms","timestamp":"2026-07-16 19:19:07"}
{"error":"jwt expired","level":"error","message":"Authentication check failed","timestamp":"2026-07-16 19:19:07"}
{"level":"info","message":"GET /api/v1/dashboard/activities 401 217 - 4.909 ms","timestamp":"2026-07-16 19:19:07"}
{"error":"jwt expired","level":"error","message":"Authentication check failed","timestamp":"2026-07-16 19:19:07"}
{"level":"info","message":"GET /api/v1/dashboard/tasks 401 217 - 2.076 ms","timestamp":"2026-07-16 19:19:07"}
{"error":"jwt expired","level":"error","message":"Authentication check failed","timestamp":"2026-07-16 19:19:07"}
{"level":"info","message":"GET /api/v1/dashboard/deals 401 217 - 2.986 ms","timestamp":"2026-07-16 19:19:07"}
{"level":"error","message":"Prisma Error: Failed to connect to upstream database. Please contact Prisma support if the problem persists.","timestamp":"2026-07-16 19:19:10"}
{"clientVersion":"7.8.0","length":101,"level":"error","message":"Prisma database connection healthcheck failed Failed to connect to upstream database. Please contact Prisma support if the problem persists.","name":"error","stack":"error: Failed to connect to upstream database. Please contact Prisma support if the problem persists.\n    at C:\\valli\\FlowCRM AI Enterprise\\backend\\node_modules\\pg-pool\\index.js:45:11\n    at processTicksAndRejections (node:internal/process/task_queues:103:5)\n    at PrismaPgAdapter.performIO (C:\\valli\\FlowCRM AI Enterprise\\backend\\node_modules\\@prisma\\adapter-pg\\dist\\index.js:654:22)\n    at PrismaPgAdapter.queryRaw (C:\\valli\\FlowCRM AI Enterprise\\backend\\node_modules\\@prisma\\adapter-pg\\dist\\index.js:604:30)\n    at o (C:\\valli\\FlowCRM AI Enterprise\\backend\\node_modules\\@prisma\\client-engine-runtime\\src\\tracing.ts:66:26)\n    at e.interpretNode (C:\\valli\\FlowCRM AI Enterprise\\backend\\node_modules\\@prisma\\client-engine-runtime\\src\\interpreter\\query-interpreter.ts:186:26)\n    at e.run (C:\\valli\\FlowCRM AI Enterprise\\backend\\node_modules\\@prisma\\client-engine-runtime\\src\\interpreter\\query-interpreter.ts:94:23)\n    at execute (C:\\valli\\FlowCRM AI Enterprise\\backend\\node_modules\\@prisma\\client\\src\\runtime\\core\\engines\\client\\LocalExecutor.ts:81:12)\n    at jt.request (C:\\valli\\FlowCRM AI Enterprise\\backend\\node_modules\\@prisma\\client\\src\\runtime\\core\\engines\\client\\ClientEngine.ts:504:22)\n    at Object.singleLoader (C:\\valli\\FlowCRM AI Enterprise\\backend\\node_modules\\@prisma\\client\\src\\runtime\\RequestHandler.ts:112:26)","timestamp":"2026-07-16 19:19:10"}
{"level":"error","message":"CRITICAL: Failed to establish database connection during boot.","timestamp":"2026-07-16 19:19:10"}
{"level":"error","message":"Prisma Error: Failed to connect to upstream database. Please contact Prisma support if the problem persists.","timestamp":"2026-07-16 19:19:10"}
{"level":"error","message":"Failed to connect to upstream database. Please contact Prisma support if the problem persists.","method":"POST","requestId":"3bf5a416-f6fe-48dd-9bec-c1ab545335b8","stack":"error: Failed to connect to upstream database. Please contact Prisma support if the problem persists.\n    at C:\\valli\\FlowCRM AI Enterprise\\backend\\node_modules\\pg-pool\\index.js:45:11\n    at processTicksAndRejections (node:internal/process/task_queues:103:5)\n    at PrismaPgAdapter.performIO (C:\\valli\\FlowCRM AI Enterprise\\backend\\node_modules\\@prisma\\adapter-pg\\dist\\index.js:654:22)\n    at PrismaPgAdapter.queryRaw (C:\\valli\\FlowCRM AI Enterprise\\backend\\node_modules\\@prisma\\adapter-pg\\dist\\index.js:604:30)\n    at o (C:\\valli\\FlowCRM AI Enterprise\\backend\\node_modules\\@prisma\\client-engine-runtime\\src\\tracing.ts:66:26)\n    at e.interpretNode (C:\\valli\\FlowCRM AI Enterprise\\backend\\node_modules\\@prisma\\client-engine-runtime\\src\\interpreter\\query-interpreter.ts:186:26)\n    at e.interpretNode (C:\\valli\\FlowCRM AI Enterprise\\backend\\node_modules\\@prisma\\client-engine-runtime\\src\\interpreter\\query-interpreter.ts:213:41)\n    at e.interpretNode (C:\\valli\\FlowCRM AI Enterprise\\backend\\node_modules\\@prisma\\client-engine-runtime\\src\\interpreter\\query-interpreter.ts:128:29)\n    at e.interpretNode (C:\\valli\\FlowCRM AI Enterprise\\backend\\node_modules\\@prisma\\client-engine-runtime\\src\\interpreter\\query-interpreter.ts:272:41)\n    at e.run (C:\\valli\\FlowCRM AI Enterprise\\backend\\node_modules\\@prisma\\client-engine-runtime\\src\\interpreter\\query-interpreter.ts:94:23)","statusCode":500,"timestamp":"2026-07-16 19:19:10","url":"/api/v1/auth/refresh"}
{"level":"info","message":"POST /api/v1/auth/refresh 500 231 - 3142.849 ms","timestamp":"2026-07-16 19:19:10"}
{"level":"error","message":"Invalid email or password","method":"POST","requestId":"8961ffeb-6b9c-4653-85c4-b7a5a816af68","stack":"Error: Invalid email or password\n    at AuthService.login (C:\\valli\\FlowCRM AI Enterprise\\backend\\src\\services\\auth.service.ts:123:19)\n    at login (C:\\valli\\FlowCRM AI Enterprise\\backend\\src\\controllers\\auth.controller.ts:70:22)","statusCode":401,"timestamp":"2026-07-16 19:19:32","url":"/api/v1/auth/login"}
{"level":"info","message":"POST /api/v1/auth/login 401 162 - 8314.401 ms","timestamp":"2026-07-16 19:19:32"}
{"level":"info","message":"POST /api/v1/auth/forgot-password 200 269 - 5684.660 ms","timestamp":"2026-07-16 19:19:46"}
{"level":"info","message":"POST /api/v1/auth/reset-password 200 185 - 7284.717 ms","timestamp":"2026-07-16 19:20:19"}
{"level":"info","message":"POST /api/v1/auth/login 200 - - 3669.837 ms","timestamp":"2026-07-16 19:20:34"}
{"level":"info","message":"GET /api/v1/dashboard/activities 200 - - 457.934 ms","timestamp":"2026-07-16 19:20:35"}
{"level":"info","message":"GET /api/v1/dashboard/tasks 200 178 - 468.514 ms","timestamp":"2026-07-16 19:20:35"}
{"level":"info","message":"GET /api/v1/dashboard/activities 200 - - 3.468 ms","timestamp":"2026-07-16 19:20:35"}
{"level":"info","message":"GET /api/v1/dashboard/charts?timeframe=30d 200 - - 965.012 ms","timestamp":"2026-07-16 19:20:35"}
{"level":"info","message":"GET /api/v1/dashboard/charts?timeframe=30d 200 - - 19.101 ms","timestamp":"2026-07-16 19:20:35"}
{"level":"info","message":"GET /api/v1/dashboard/tasks 200 178 - 439.125 ms","timestamp":"2026-07-16 19:20:36"}
{"level":"info","message":"GET /api/v1/dashboard/overview 200 314 - 1348.225 ms","timestamp":"2026-07-16 19:20:36"}
{"level":"info","message":"GET /api/v1/dashboard/overview 200 314 - 1.938 ms","timestamp":"2026-07-16 19:20:36"}
{"level":"info","message":"GET /api/v1/dashboard/deals 200 182 - 1369.183 ms","timestamp":"2026-07-16 19:20:36"}
{"level":"info","message":"GET /api/v1/dashboard/health 200 326 - 37.702 ms","timestamp":"2026-07-16 19:20:38"}
{"level":"info","message":"GET /api/v1/dashboard/revenue 200 283 - 1342.025 ms","timestamp":"2026-07-16 19:20:38"}
{"level":"info","message":"GET /api/v1/dashboard/deals 200 182 - 2343.160 ms","timestamp":"2026-07-16 19:20:38"}
{"level":"info","message":"GET /api/v1/dashboard/business-overview?timeframe=30d 200 283 - 1002.642 ms","timestamp":"2026-07-16 19:20:38"}
{"level":"info","message":"GET /api/v1/dashboard/business-overview?timeframe=30d 200 283 - 2.078 ms","timestamp":"2026-07-16 19:20:38"}
{"level":"info","message":"GET /api/v1/dashboard/revenue 200 283 - 1.539 ms","timestamp":"2026-07-16 19:20:38"}
{"level":"info","message":"GET /api/v1/dashboard/goals 200 358 - 300.846 ms","timestamp":"2026-07-16 19:20:38"}
{"level":"info","message":"GET /api/v1/dashboard/calendar-preview 200 250 - 277.628 ms","timestamp":"2026-07-16 19:20:38"}
{"level":"info","message":"GET /api/v1/dashboard/health 200 326 - 2.830 ms","timestamp":"2026-07-16 19:20:38"}
{"level":"info","message":"GET /api/v1/dashboard/goals 200 358 - 2.316 ms","timestamp":"2026-07-16 19:20:38"}
{"level":"info","message":"GET /api/v1/dashboard/pipeline?timeframe=30d 200 720 - 836.658 ms","timestamp":"2026-07-16 19:20:39"}
{"level":"info","message":"GET /api/v1/dashboard/team 200 181 - 1674.176 ms","timestamp":"2026-07-16 19:20:39"}
{"level":"info","message":"GET /api/v1/dashboard/calendar-preview 200 250 - 1.594 ms","timestamp":"2026-07-16 19:20:39"}
{"level":"info","message":"GET /api/v1/dashboard/pipeline?timeframe=30d 200 720 - 1.040 ms","timestamp":"2026-07-16 19:20:39"}
{"level":"info","message":"GET /api/v1/dashboard/team 200 181 - 0.774 ms","timestamp":"2026-07-16 19:20:39"}
{"level":"info","message":"GET /api/v1/dashboard/calendar-preview 200 250 - 1.018 ms","timestamp":"2026-07-16 19:20:43"}
{"level":"info","message":"GET /api/v1/dashboard/overview 200 314 - 1.624 ms","timestamp":"2026-07-16 19:20:43"}
{"level":"info","message":"GET /api/v1/dashboard/health 200 326 - 4.008 ms","timestamp":"2026-07-16 19:20:43"}
{"level":"info","message":"GET /api/v1/dashboard/revenue 200 283 - 1.500 ms","timestamp":"2026-07-16 19:20:43"}
{"level":"info","message":"GET /api/v1/dashboard/team 200 181 - 3.435 ms","timestamp":"2026-07-16 19:20:43"}
{"level":"info","message":"GET /api/v1/dashboard/goals 200 358 - 1.668 ms","timestamp":"2026-07-16 19:20:43"}
{"level":"info","message":"GET /api/v1/dashboard/activities 200 - - 2.149 ms","timestamp":"2026-07-16 19:20:44"}
{"level":"info","message":"GET /api/v1/dashboard/charts?timeframe=today 200 - - 222.765 ms","timestamp":"2026-07-16 19:20:44"}
{"level":"info","message":"GET /api/v1/dashboard/business-overview?timeframe=today 200 283 - 172.116 ms","timestamp":"2026-07-16 19:20:44"}
{"level":"info","message":"GET /api/v1/dashboard/tasks 200 178 - 340.518 ms","timestamp":"2026-07-16 19:20:44"}
{"level":"info","message":"GET /api/v1/dashboard/pipeline?timeframe=today 200 720 - 452.430 ms","timestamp":"2026-07-16 19:20:44"}
{"level":"info","message":"GET /api/v1/dashboard/deals 200 182 - 482.404 ms","timestamp":"2026-07-16 19:20:44"}
{"level":"info","message":"GET /api/v1/dashboard/business-overview?timeframe=today 200 283 - 1.013 ms","timestamp":"2026-07-16 19:20:44"}
{"level":"info","message":"GET /api/v1/dashboard/pipeline?timeframe=today 200 720 - 1.118 ms","timestamp":"2026-07-16 19:20:44"}
{"level":"info","message":"GET /api/v1/dashboard/revenue 200 283 - 1.329 ms","timestamp":"2026-07-16 19:20:44"}
{"level":"info","message":"GET /api/v1/dashboard/team 200 181 - 2.645 ms","timestamp":"2026-07-16 19:20:44"}
{"level":"info","message":"GET /api/v1/dashboard/goals 200 358 - 1.842 ms","timestamp":"2026-07-16 19:20:44"}
{"level":"info","message":"GET /api/v1/dashboard/health 200 326 - 1.194 ms","timestamp":"2026-07-16 19:20:44"}
{"level":"info","message":"GET /api/v1/dashboard/calendar-preview 200 250 - 1.514 ms","timestamp":"2026-07-16 19:20:44"}
{"level":"info","message":"GET /api/v1/dashboard/revenue 200 283 - 1.025 ms","timestamp":"2026-07-16 19:20:45"}
{"level":"info","message":"GET /api/v1/dashboard/overview 200 314 - 1.626 ms","timestamp":"2026-07-16 19:20:45"}
{"level":"info","message":"GET /api/v1/dashboard/team 200 181 - 2.041 ms","timestamp":"2026-07-16 19:20:45"}
{"level":"info","message":"GET /api/v1/dashboard/goals 200 358 - 1.747 ms","timestamp":"2026-07-16 19:20:45"}
{"level":"info","message":"GET /api/v1/dashboard/health 200 326 - 2.076 ms","timestamp":"2026-07-16 19:20:45"}
{"level":"info","message":"GET /api/v1/dashboard/calendar-preview 200 250 - 1.567 ms","timestamp":"2026-07-16 19:20:45"}
{"level":"info","message":"GET /api/v1/dashboard/activities 200 - - 1.235 ms","timestamp":"2026-07-16 19:20:45"}
{"level":"info","message":"GET /api/v1/dashboard/business-overview?timeframe=yesterday 200 283 - 152.564 ms","timestamp":"2026-07-16 19:20:45"}
{"level":"info","message":"GET /api/v1/dashboard/pipeline?timeframe=yesterday 200 720 - 314.309 ms","timestamp":"2026-07-16 19:20:45"}
{"level":"info","message":"GET /api/v1/dashboard/charts?timeframe=yesterday 200 - - 298.152 ms","timestamp":"2026-07-16 19:20:45"}
{"level":"info","message":"GET /api/v1/dashboard/deals 200 182 - 424.997 ms","timestamp":"2026-07-16 19:20:45"}
{"level":"info","message":"GET /api/v1/dashboard/tasks 200 178 - 404.382 ms","timestamp":"2026-07-16 19:20:45"}
{"level":"info","message":"GET /api/v1/dashboard/business-overview?timeframe=yesterday 200 283 - 16.297 ms","timestamp":"2026-07-16 19:20:45"}
{"level":"info","message":"GET /api/v1/dashboard/pipeline?timeframe=yesterday 200 720 - 4.848 ms","timestamp":"2026-07-16 19:20:45"}
{"level":"info","message":"GET /api/v1/dashboard/revenue 200 283 - 26.668 ms","timestamp":"2026-07-16 19:20:45"}
{"level":"info","message":"GET /api/v1/dashboard/team 200 181 - 2.127 ms","timestamp":"2026-07-16 19:20:45"}
{"level":"info","message":"GET /api/v1/dashboard/goals 200 358 - 8.547 ms","timestamp":"2026-07-16 19:20:46"}
{"level":"info","message":"GET /api/v1/dashboard/health 200 326 - 4.492 ms","timestamp":"2026-07-16 19:20:46"}
{"level":"info","message":"GET /api/v1/dashboard/calendar-preview 200 250 - 2.780 ms","timestamp":"2026-07-16 19:20:46"}
{"level":"info","message":"GET /api/v1/dashboard/revenue 200 283 - 38.193 ms","timestamp":"2026-07-16 19:20:46"}
{"level":"info","message":"GET /api/v1/dashboard/overview 200 314 - 3.746 ms","timestamp":"2026-07-16 19:20:46"}
{"level":"info","message":"GET /api/v1/dashboard/team 200 181 - 4.759 ms","timestamp":"2026-07-16 19:20:46"}
{"level":"info","message":"GET /api/v1/dashboard/goals 200 358 - 4.911 ms","timestamp":"2026-07-16 19:20:46"}
{"level":"info","message":"GET /api/v1/dashboard/health 200 326 - 8.742 ms","timestamp":"2026-07-16 19:20:46"}
{"level":"info","message":"GET /api/v1/dashboard/calendar-preview 200 250 - 1.639 ms","timestamp":"2026-07-16 19:20:46"}
{"level":"info","message":"GET /api/v1/dashboard/activities 200 - - 41.950 ms","timestamp":"2026-07-16 19:20:47"}
{"level":"info","message":"GET /api/v1/dashboard/charts?timeframe=7d 200 676 - 563.274 ms","timestamp":"2026-07-16 19:20:47"}
{"level":"info","message":"GET /api/v1/dashboard/tasks 200 178 - 878.800 ms","timestamp":"2026-07-16 19:20:47"}
{"level":"info","message":"GET /api/v1/dashboard/business-overview?timeframe=7d 200 283 - 965.599 ms","timestamp":"2026-07-16 19:20:48"}
{"level":"info","message":"GET /api/v1/dashboard/revenue 200 283 - 1.166 ms","timestamp":"2026-07-16 19:20:48"}
{"level":"info","message":"GET /api/v1/dashboard/team 200 181 - 13.689 ms","timestamp":"2026-07-16 19:20:49"}
{"level":"info","message":"GET /api/v1/dashboard/calendar-preview 200 250 - 5.798 ms","timestamp":"2026-07-16 19:20:49"}
{"level":"info","message":"GET /api/v1/dashboard/overview 200 314 - 1.067 ms","timestamp":"2026-07-16 19:20:49"}
{"level":"info","message":"GET /api/v1/dashboard/goals 200 358 - 1.647 ms","timestamp":"2026-07-16 19:20:49"}
{"level":"info","message":"GET /api/v1/dashboard/health 200 326 - 1.901 ms","timestamp":"2026-07-16 19:20:50"}
{"level":"info","message":"GET /api/v1/dashboard/pipeline?timeframe=7d 200 720 - 2708.323 ms","timestamp":"2026-07-16 19:20:50"}
{"level":"info","message":"GET /api/v1/dashboard/business-overview?timeframe=30d 200 283 - 141.874 ms","timestamp":"2026-07-16 19:20:50"}
{"level":"info","message":"GET /api/v1/dashboard/pipeline?timeframe=30d 200 720 - 12.945 ms","timestamp":"2026-07-16 19:20:50"}
{"level":"info","message":"GET /api/v1/dashboard/activities 200 - - 2.201 ms","timestamp":"2026-07-16 19:20:50"}
{"level":"info","message":"GET /api/v1/dashboard/deals 200 182 - 5720.619 ms","timestamp":"2026-07-16 19:20:52"}
{"level":"info","message":"GET /api/v1/dashboard/tasks 200 178 - 3453.928 ms","timestamp":"2026-07-16 19:20:52"}
{"level":"info","message":"GET /api/v1/dashboard/charts?timeframe=30d 200 - - 0.889 ms","timestamp":"2026-07-16 19:20:52"}
{"level":"info","message":"GET /api/v1/dashboard/business-overview?timeframe=7d 200 283 - 0.845 ms","timestamp":"2026-07-16 19:20:52"}
{"level":"info","message":"GET /api/v1/dashboard/pipeline?timeframe=7d 200 720 - 0.912 ms","timestamp":"2026-07-16 19:20:52"}
{"level":"info","message":"GET /api/v1/dashboard/revenue 200 283 - 0.888 ms","timestamp":"2026-07-16 19:20:53"}
{"level":"info","message":"GET /api/v1/dashboard/team 200 181 - 1.106 ms","timestamp":"2026-07-16 19:20:53"}
{"level":"info","message":"GET /api/v1/dashboard/goals 200 358 - 1.059 ms","timestamp":"2026-07-16 19:20:53"}
{"level":"info","message":"GET /api/v1/dashboard/health 200 326 - 1.050 ms","timestamp":"2026-07-16 19:20:53"}
{"level":"info","message":"GET /api/v1/dashboard/calendar-preview 200 250 - 1.612 ms","timestamp":"2026-07-16 19:20:53"}
{"level":"info","message":"GET /api/v1/dashboard/deals 200 182 - 332.487 ms","timestamp":"2026-07-16 19:20:53"}
{"level":"info","message":"GET /api/v1/dashboard/business-overview?timeframe=30d 200 283 - 2.374 ms","timestamp":"2026-07-16 19:20:53"}
{"level":"info","message":"GET /api/v1/dashboard/pipeline?timeframe=30d 200 720 - 1.451 ms","timestamp":"2026-07-16 19:20:53"}
{"level":"info","message":"GET /api/v1/dashboard/revenue 200 283 - 1.182 ms","timestamp":"2026-07-16 19:20:53"}
{"level":"info","message":"GET /api/v1/dashboard/team 200 181 - 1.611 ms","timestamp":"2026-07-16 19:20:53"}
{"level":"info","message":"GET /api/v1/dashboard/goals 200 358 - 0.847 ms","timestamp":"2026-07-16 19:20:53"}
{"level":"info","message":"GET /api/v1/dashboard/health 200 326 - 1.462 ms","timestamp":"2026-07-16 19:20:53"}
{"level":"info","message":"GET /api/v1/dashboard/calendar-preview 200 250 - 0.962 ms","timestamp":"2026-07-16 19:20:53"}
{"level":"info","message":"GET /api/v1/dashboard/overview 200 314 - 2.764 ms","timestamp":"2026-07-16 19:21:33"}
{"level":"info","message":"GET /api/v1/dashboard/overview 200 314 - 1.474 ms","timestamp":"2026-07-16 19:21:33"}
{"level":"info","message":"GET /api/v1/dashboard/charts?timeframe=30d 200 - - 108.430 ms","timestamp":"2026-07-16 19:21:33"}
{"level":"info","message":"GET /api/v1/dashboard/activities 200 - - 145.374 ms","timestamp":"2026-07-16 19:21:33"}
{"level":"info","message":"GET /api/v1/dashboard/charts?timeframe=30d 200 - - 1.132 ms","timestamp":"2026-07-16 19:21:33"}
{"level":"info","message":"GET /api/v1/dashboard/activities 200 - - 0.752 ms","timestamp":"2026-07-16 19:21:33"}
{"level":"info","message":"GET /api/v1/dashboard/tasks 200 178 - 1220.280 ms","timestamp":"2026-07-16 19:21:34"}
{"level":"info","message":"GET /api/v1/dashboard/tasks 200 178 - 269.668 ms","timestamp":"2026-07-16 19:21:35"}
{"level":"info","message":"GET /api/v1/dashboard/deals 200 182 - 1980.453 ms","timestamp":"2026-07-16 19:21:35"}
{"level":"info","message":"GET /api/v1/dashboard/business-overview?timeframe=30d 200 283 - 1.182 ms","timestamp":"2026-07-16 19:21:35"}
{"level":"info","message":"GET /api/v1/dashboard/pipeline?timeframe=30d 200 720 - 1.397 ms","timestamp":"2026-07-16 19:21:35"}
{"level":"info","message":"GET /api/v1/dashboard/revenue 200 283 - 0.888 ms","timestamp":"2026-07-16 19:21:35"}
{"level":"info","message":"GET /api/v1/dashboard/team 200 181 - 1.020 ms","timestamp":"2026-07-16 19:21:35"}
{"level":"info","message":"GET /api/v1/dashboard/goals 200 358 - 0.552 ms","timestamp":"2026-07-16 19:21:35"}
{"level":"info","message":"GET /api/v1/dashboard/health 200 326 - 0.673 ms","timestamp":"2026-07-16 19:21:35"}
{"level":"info","message":"GET /api/v1/dashboard/calendar-preview 200 250 - 0.937 ms","timestamp":"2026-07-16 19:21:35"}
{"level":"info","message":"GET /api/v1/dashboard/deals 200 182 - 396.966 ms","timestamp":"2026-07-16 19:21:35"}
{"level":"info","message":"GET /api/v1/dashboard/business-overview?timeframe=30d 200 283 - 1.064 ms","timestamp":"2026-07-16 19:21:36"}
{"level":"info","message":"GET /api/v1/dashboard/pipeline?timeframe=30d 200 720 - 0.649 ms","timestamp":"2026-07-16 19:21:36"}
{"level":"info","message":"GET /api/v1/dashboard/revenue 200 283 - 0.544 ms","timestamp":"2026-07-16 19:21:36"}
{"level":"info","message":"GET /api/v1/dashboard/team 200 181 - 0.426 ms","timestamp":"2026-07-16 19:21:36"}
{"level":"info","message":"GET /api/v1/dashboard/goals 200 358 - 0.833 ms","timestamp":"2026-07-16 19:21:36"}
{"level":"info","message":"GET /api/v1/dashboard/health 200 326 - 0.958 ms","timestamp":"2026-07-16 19:21:36"}
{"level":"info","message":"GET /api/v1/dashboard/calendar-preview 200 250 - 0.872 ms","timestamp":"2026-07-16 19:21:36"}
{"level":"info","message":"GET /api/v1/companies?page=1&limit=20 200 244 - 4860.440 ms","timestamp":"2026-07-16 19:23:22"}
{"level":"info","message":"GET /api/v1/companies/statistics 200 278 - 4207.131 ms","timestamp":"2026-07-16 19:23:22"}
{"level":"info","message":"GET /api/v1/companies/statistics 200 278 - 132.472 ms","timestamp":"2026-07-16 19:23:22"}
{"level":"info","message":"GET /api/v1/companies/employees 200 179 - 4129.881 ms","timestamp":"2026-07-16 19:23:22"}
{"level":"info","message":"GET /api/v1/companies?page=1&limit=20 200 244 - 327.972 ms","timestamp":"2026-07-16 19:23:22"}
{"level":"info","message":"GET /api/v1/companies/employees 200 179 - 95.453 ms","timestamp":"2026-07-16 19:23:22"}
{"level":"info","message":"GET /api/v1/companies?page=1&limit=20 200 244 - 218.333 ms","timestamp":"2026-07-16 19:23:23"}
{"level":"info","message":"GET /api/v1/companies?page=1&limit=20 200 244 - 279.235 ms","timestamp":"2026-07-16 19:23:23"}
{"level":"info","message":"GET /api/v1/companies?page=1&limit=20 200 244 - 203.371 ms","timestamp":"2026-07-16 19:23:23"}
{"level":"info","message":"GET /api/v1/contacts/statistics 200 299 - 785.411 ms","timestamp":"2026-07-16 19:23:28"}
{"level":"info","message":"GET /api/v1/leads/employees 200 179 - 906.592 ms","timestamp":"2026-07-16 19:23:29"}
{"level":"info","message":"GET /api/v1/companies 200 244 - 1480.508 ms","timestamp":"2026-07-16 19:23:29"}
{"level":"info","message":"GET /api/v1/contacts/statistics 200 299 - 1056.603 ms","timestamp":"2026-07-16 19:23:30"}
{"level":"info","message":"GET /api/v1/leads/employees 200 179 - 3367.639 ms","timestamp":"2026-07-16 19:23:33"}
{"level":"info","message":"GET /api/v1/contacts?page=1&limit=20 200 - - 2090.432 ms","timestamp":"2026-07-16 19:23:34"}
{"level":"info","message":"GET /api/v1/leads?limit=100 200 - - 1523.323 ms","timestamp":"2026-07-16 19:23:34"}
{"level":"info","message":"GET /api/v1/companies 200 244 - 3348.595 ms","timestamp":"2026-07-16 19:23:34"}
{"level":"info","message":"GET /api/v1/contacts?page=1&limit=20 200 - - 188.107 ms","timestamp":"2026-07-16 19:23:34"}
{"level":"info","message":"GET /api/v1/leads?limit=100 200 - - 185.466 ms","timestamp":"2026-07-16 19:23:34"}
{"level":"info","message":"GET /api/v1/dashboard/overview 200 314 - 3159.309 ms","timestamp":"2026-07-16 19:33:58"}
{"level":"info","message":"GET /api/v1/dashboard/overview 200 314 - 0.724 ms","timestamp":"2026-07-16 19:33:58"}
{"level":"info","message":"GET /api/v1/dashboard/charts?timeframe=30d 200 - - 2506.533 ms","timestamp":"2026-07-16 19:33:58"}
{"level":"info","message":"GET /api/v1/dashboard/charts?timeframe=30d 200 - - 0.817 ms","timestamp":"2026-07-16 19:33:58"}
{"level":"info","message":"GET /api/v1/dashboard/tasks 200 178 - 2646.234 ms","timestamp":"2026-07-16 19:33:58"}
{"level":"info","message":"GET /api/v1/dashboard/activities 200 - - 2766.886 ms","timestamp":"2026-07-16 19:33:58"}
{"level":"info","message":"GET /api/v1/dashboard/activities 200 - - 0.654 ms","timestamp":"2026-07-16 19:33:58"}
{"level":"info","message":"GET /api/v1/dashboard/deals 200 182 - 2772.748 ms","timestamp":"2026-07-16 19:33:58"}
{"level":"info","message":"GET /api/v1/dashboard/tasks 200 178 - 191.017 ms","timestamp":"2026-07-16 19:33:58"}
{"level":"info","message":"GET /api/v1/dashboard/business-overview?timeframe=30d 200 283 - 108.920 ms","timestamp":"2026-07-16 19:33:58"}
{"level":"info","message":"GET /api/v1/dashboard/health 200 326 - 0.529 ms","timestamp":"2026-07-16 19:33:58"}
{"level":"info","message":"GET /api/v1/dashboard/goals 200 358 - 233.516 ms","timestamp":"2026-07-16 19:33:58"}
{"level":"info","message":"GET /api/v1/dashboard/revenue 200 283 - 241.413 ms","timestamp":"2026-07-16 19:33:58"}
{"level":"info","message":"GET /api/v1/dashboard/pipeline?timeframe=30d 200 720 - 339.675 ms","timestamp":"2026-07-16 19:33:58"}
{"level":"info","message":"GET /api/v1/dashboard/calendar-preview 200 250 - 231.927 ms","timestamp":"2026-07-16 19:33:58"}
{"level":"info","message":"GET /api/v1/dashboard/deals 200 182 - 415.913 ms","timestamp":"2026-07-16 19:33:58"}
{"level":"info","message":"GET /api/v1/dashboard/business-overview?timeframe=30d 200 283 - 1.416 ms","timestamp":"2026-07-16 19:33:58"}
{"level":"info","message":"GET /api/v1/dashboard/pipeline?timeframe=30d 200 720 - 1.593 ms","timestamp":"2026-07-16 19:33:58"}
{"level":"info","message":"GET /api/v1/dashboard/revenue 200 283 - 1.414 ms","timestamp":"2026-07-16 19:33:58"}
{"level":"info","message":"GET /api/v1/dashboard/goals 200 358 - 2.060 ms","timestamp":"2026-07-16 19:33:58"}
{"level":"info","message":"GET /api/v1/dashboard/health 200 326 - 1.486 ms","timestamp":"2026-07-16 19:33:58"}
{"level":"info","message":"GET /api/v1/dashboard/calendar-preview 200 250 - 0.758 ms","timestamp":"2026-07-16 19:33:58"}
{"level":"info","message":"GET /api/v1/dashboard/team 200 181 - 545.415 ms","timestamp":"2026-07-16 19:33:58"}
{"level":"info","message":"GET /api/v1/dashboard/team 200 181 - 1.190 ms","timestamp":"2026-07-16 19:33:59"}
{"level":"info","message":"=========================================","timestamp":"2026-07-16 19:41:13"}
{"level":"info","message":"FlowCRM AI Enterprise Backend Initialized","timestamp":"2026-07-16 19:41:13"}
{"level":"info","message":"Port: 5000","timestamp":"2026-07-16 19:41:13"}
{"level":"info","message":"Environment: development","timestamp":"2026-07-16 19:41:13"}
{"level":"info","message":"=========================================","timestamp":"2026-07-16 19:41:13"}
{"level":"info","message":"PostgreSQL connection client pool initialized and active.","timestamp":"2026-07-16 19:41:15"}
{"level":"info","message":"=========================================","timestamp":"2026-07-16 19:41:19"}
{"level":"info","message":"FlowCRM AI Enterprise Backend Initialized","timestamp":"2026-07-16 19:41:19"}
{"level":"info","message":"Port: 5000","timestamp":"2026-07-16 19:41:19"}
{"level":"info","message":"Environment: development","timestamp":"2026-07-16 19:41:19"}
{"level":"info","message":"=========================================","timestamp":"2026-07-16 19:41:19"}
{"level":"info","message":"PostgreSQL connection client pool initialized and active.","timestamp":"2026-07-16 19:41:20"}
{"level":"info","message":"=========================================","timestamp":"2026-07-16 19:41:24"}
{"level":"info","message":"FlowCRM AI Enterprise Backend Initialized","timestamp":"2026-07-16 19:41:24"}
{"level":"info","message":"Port: 5000","timestamp":"2026-07-16 19:41:24"}
{"level":"info","message":"Environment: development","timestamp":"2026-07-16 19:41:24"}
{"level":"info","message":"=========================================","timestamp":"2026-07-16 19:41:24"}
{"level":"info","message":"PostgreSQL connection client pool initialized and active.","timestamp":"2026-07-16 19:41:25"}
{"level":"info","message":"=========================================","timestamp":"2026-07-16 19:41:32"}
{"level":"info","message":"FlowCRM AI Enterprise Backend Initialized","timestamp":"2026-07-16 19:41:32"}
{"level":"info","message":"Port: 5000","timestamp":"2026-07-16 19:41:32"}
{"level":"info","message":"Environment: development","timestamp":"2026-07-16 19:41:32"}
{"level":"info","message":"=========================================","timestamp":"2026-07-16 19:41:32"}
{"level":"info","message":"PostgreSQL connection client pool initialized and active.","timestamp":"2026-07-16 19:41:33"}
{"level":"info","message":"=========================================","timestamp":"2026-07-16 19:44:26"}
{"level":"info","message":"FlowCRM AI Enterprise Backend Initialized","timestamp":"2026-07-16 19:44:26"}
{"level":"info","message":"Port: 5000","timestamp":"2026-07-16 19:44:26"}
{"level":"info","message":"Environment: development","timestamp":"2026-07-16 19:44:26"}
{"level":"info","message":"=========================================","timestamp":"2026-07-16 19:44:26"}
{"level":"info","message":"PostgreSQL connection client pool initialized and active.","timestamp":"2026-07-16 19:44:28"}
{"error":"jwt expired","level":"error","message":"Authentication check failed","timestamp":"2026-07-16 19:45:02"}
{"level":"info","message":"GET /api/v1/dashboard/overview 401 217 - 28.025 ms","timestamp":"2026-07-16 19:45:02"}
{"error":"jwt expired","level":"error","message":"Authentication check failed","timestamp":"2026-07-16 19:45:02"}
{"level":"info","message":"GET /api/v1/dashboard/charts?timeframe=30d 401 217 - 7.082 ms","timestamp":"2026-07-16 19:45:02"}
{"error":"jwt expired","level":"error","message":"Authentication check failed","timestamp":"2026-07-16 19:45:02"}
{"level":"info","message":"GET /api/v1/dashboard/activities 401 217 - 4.745 ms","timestamp":"2026-07-16 19:45:02"}
{"error":"jwt expired","level":"error","message":"Authentication check failed","timestamp":"2026-07-16 19:45:02"}
{"level":"info","message":"GET /api/v1/dashboard/tasks 401 217 - 3.105 ms","timestamp":"2026-07-16 19:45:02"}
{"error":"jwt expired","level":"error","message":"Authentication check failed","timestamp":"2026-07-16 19:45:02"}
{"level":"info","message":"GET /api/v1/dashboard/tasks 401 217 - 1.630 ms","timestamp":"2026-07-16 19:45:02"}
{"error":"jwt expired","level":"error","message":"Authentication check failed","timestamp":"2026-07-16 19:45:02"}
{"level":"info","message":"GET /api/v1/dashboard/overview 401 217 - 1.330 ms","timestamp":"2026-07-16 19:45:02"}
{"error":"jwt expired","level":"error","message":"Authentication check failed","timestamp":"2026-07-16 19:45:02"}
{"level":"info","message":"GET /api/v1/dashboard/deals 401 217 - 1.782 ms","timestamp":"2026-07-16 19:45:02"}
{"error":"jwt expired","level":"error","message":"Authentication check failed","timestamp":"2026-07-16 19:45:02"}
{"level":"info","message":"GET /api/v1/dashboard/charts?timeframe=30d 401 217 - 1.669 ms","timestamp":"2026-07-16 19:45:02"}
{"error":"jwt expired","level":"error","message":"Authentication check failed","timestamp":"2026-07-16 19:45:02"}
{"level":"info","message":"GET /api/v1/dashboard/activities 401 217 - 1.607 ms","timestamp":"2026-07-16 19:45:02"}
{"error":"jwt expired","level":"error","message":"Authentication check failed","timestamp":"2026-07-16 19:45:02"}
{"level":"info","message":"GET /api/v1/dashboard/deals 401 217 - 2.983 ms","timestamp":"2026-07-16 19:45:02"}
{"level":"info","message":"POST /api/v1/auth/refresh 200 - - 3027.301 ms","timestamp":"2026-07-16 19:45:06"}
{"level":"info","message":"GET /api/v1/dashboard/overview 200 314 - 2378.985 ms","timestamp":"2026-07-16 19:45:08"}
{"level":"info","message":"GET /api/v1/dashboard/overview 200 314 - 2.849 ms","timestamp":"2026-07-16 19:45:08"}
{"level":"info","message":"GET /api/v1/dashboard/tasks 200 178 - 2405.190 ms","timestamp":"2026-07-16 19:45:08"}
{"level":"info","message":"GET /api/v1/dashboard/charts?timeframe=30d 200 - - 2497.668 ms","timestamp":"2026-07-16 19:45:08"}
{"level":"info","message":"GET /api/v1/dashboard/charts?timeframe=30d 200 - - 1.034 ms","timestamp":"2026-07-16 19:45:08"}
{"level":"info","message":"GET /api/v1/dashboard/deals 200 182 - 2549.566 ms","timestamp":"2026-07-16 19:45:08"}
{"level":"info","message":"GET /api/v1/dashboard/activities 200 - - 2573.323 ms","timestamp":"2026-07-16 19:45:08"}
{"level":"info","message":"GET /api/v1/dashboard/activities 200 - - 1.495 ms","timestamp":"2026-07-16 19:45:08"}
{"level":"info","message":"GET /api/v1/dashboard/tasks 200 178 - 250.564 ms","timestamp":"2026-07-16 19:45:08"}
{"level":"info","message":"GET /api/v1/dashboard/deals 200 182 - 441.161 ms","timestamp":"2026-07-16 19:45:09"}
{"level":"info","message":"GET /api/v1/dashboard/health 200 326 - 1.571 ms","timestamp":"2026-07-16 19:45:09"}
{"level":"info","message":"GET /api/v1/dashboard/business-overview?timeframe=30d 200 283 - 163.821 ms","timestamp":"2026-07-16 19:45:09"}
{"level":"info","message":"GET /api/v1/dashboard/revenue 200 283 - 218.707 ms","timestamp":"2026-07-16 19:45:09"}
{"level":"info","message":"GET /api/v1/dashboard/goals 200 358 - 135.745 ms","timestamp":"2026-07-16 19:45:09"}
{"level":"info","message":"GET /api/v1/dashboard/business-overview?timeframe=30d 200 283 - 1.049 ms","timestamp":"2026-07-16 19:45:09"}
{"level":"info","message":"GET /api/v1/dashboard/revenue 200 283 - 1.053 ms","timestamp":"2026-07-16 19:45:09"}
{"level":"info","message":"GET /api/v1/dashboard/pipeline?timeframe=30d 200 720 - 255.433 ms","timestamp":"2026-07-16 19:45:09"}
{"level":"info","message":"GET /api/v1/dashboard/calendar-preview 200 250 - 126.643 ms","timestamp":"2026-07-16 19:45:09"}
{"level":"info","message":"GET /api/v1/dashboard/goals 200 358 - 0.540 ms","timestamp":"2026-07-16 19:45:09"}
{"level":"info","message":"GET /api/v1/dashboard/pipeline?timeframe=30d 200 720 - 1.247 ms","timestamp":"2026-07-16 19:45:09"}
{"level":"info","message":"GET /api/v1/dashboard/health 200 326 - 1.033 ms","timestamp":"2026-07-16 19:45:09"}
{"level":"info","message":"GET /api/v1/dashboard/calendar-preview 200 250 - 1.169 ms","timestamp":"2026-07-16 19:45:09"}
{"level":"info","message":"GET /api/v1/dashboard/team 200 181 - 340.462 ms","timestamp":"2026-07-16 19:45:09"}
{"level":"info","message":"GET /api/v1/dashboard/team 200 181 - 1.135 ms","timestamp":"2026-07-16 19:45:09"}
{"level":"info","message":"=========================================","timestamp":"2026-07-16 19:45:19"}
{"level":"info","message":"FlowCRM AI Enterprise Backend Initialized","timestamp":"2026-07-16 19:45:19"}
{"level":"info","message":"Port: 5000","timestamp":"2026-07-16 19:45:19"}
{"level":"info","message":"Environment: development","timestamp":"2026-07-16 19:45:19"}
{"level":"info","message":"=========================================","timestamp":"2026-07-16 19:45:19"}
{"level":"info","message":"PostgreSQL connection client pool initialized and active.","timestamp":"2026-07-16 19:45:20"}
{"level":"info","message":"=========================================","timestamp":"2026-07-16 19:45:50"}
{"level":"info","message":"FlowCRM AI Enterprise Backend Initialized","timestamp":"2026-07-16 19:45:50"}
{"level":"info","message":"Port: 5000","timestamp":"2026-07-16 19:45:50"}
{"level":"info","message":"Environment: development","timestamp":"2026-07-16 19:45:50"}
{"level":"info","message":"=========================================","timestamp":"2026-07-16 19:45:50"}
{"level":"info","message":"PostgreSQL connection client pool initialized and active.","timestamp":"2026-07-16 19:45:51"}
{"level":"info","message":"=========================================","timestamp":"2026-07-16 19:46:47"}
{"level":"info","message":"FlowCRM AI Enterprise Backend Initialized","timestamp":"2026-07-16 19:46:47"}
{"level":"info","message":"Port: 5000","timestamp":"2026-07-16 19:46:47"}
{"level":"info","message":"Environment: development","timestamp":"2026-07-16 19:46:47"}
{"level":"info","message":"=========================================","timestamp":"2026-07-16 19:46:47"}
{"level":"info","message":"PostgreSQL connection client pool initialized and active.","timestamp":"2026-07-16 19:46:48"}
{"level":"info","message":"=========================================","timestamp":"2026-07-16 19:48:28"}
{"level":"info","message":"FlowCRM AI Enterprise Backend Initialized","timestamp":"2026-07-16 19:48:28"}
{"level":"info","message":"Port: 5000","timestamp":"2026-07-16 19:48:28"}
{"level":"info","message":"Environment: development","timestamp":"2026-07-16 19:48:28"}
{"level":"info","message":"=========================================","timestamp":"2026-07-16 19:48:28"}
{"level":"info","message":"PostgreSQL connection client pool initialized and active.","timestamp":"2026-07-16 19:48:29"}
{"level":"info","message":"=========================================","timestamp":"2026-07-16 19:49:09"}
{"level":"info","message":"FlowCRM AI Enterprise Backend Initialized","timestamp":"2026-07-16 19:49:09"}
{"level":"info","message":"Port: 5000","timestamp":"2026-07-16 19:49:09"}
{"level":"info","message":"Environment: development","timestamp":"2026-07-16 19:49:09"}
{"level":"info","message":"=========================================","timestamp":"2026-07-16 19:49:09"}
{"level":"info","message":"PostgreSQL connection client pool initialized and active.","timestamp":"2026-07-16 19:49:10"}
{"level":"info","message":"GET /api/v1/dashboard/overview 200 314 - 905.167 ms","timestamp":"2026-07-16 19:50:08"}
{"level":"info","message":"GET /api/v1/dashboard/charts?timeframe=30d 200 - - 913.185 ms","timestamp":"2026-07-16 19:50:08"}
{"level":"info","message":"GET /api/v1/dashboard/tasks 200 178 - 1161.076 ms","timestamp":"2026-07-16 19:50:08"}
{"level":"info","message":"GET /api/v1/dashboard/activities 200 - - 1171.066 ms","timestamp":"2026-07-16 19:50:08"}
{"level":"info","message":"GET /api/v1/dashboard/deals 200 182 - 1241.958 ms","timestamp":"2026-07-16 19:50:08"}
{"level":"info","message":"GET /api/v1/dashboard/health 200 326 - 1.343 ms","timestamp":"2026-07-16 19:50:08"}
{"level":"info","message":"GET /api/v1/dashboard/business-overview?timeframe=30d 200 283 - 198.211 ms","timestamp":"2026-07-16 19:50:09"}
{"level":"info","message":"GET /api/v1/dashboard/revenue 200 283 - 281.760 ms","timestamp":"2026-07-16 19:50:09"}
{"level":"info","message":"GET /api/v1/dashboard/goals 200 358 - 262.096 ms","timestamp":"2026-07-16 19:50:09"}
{"level":"info","message":"GET /api/v1/dashboard/pipeline?timeframe=30d 200 720 - 384.095 ms","timestamp":"2026-07-16 19:50:09"}
{"level":"info","message":"GET /api/v1/dashboard/calendar-preview 200 250 - 352.062 ms","timestamp":"2026-07-16 19:50:09"}
{"level":"info","message":"GET /api/v1/dashboard/team 200 181 - 461.409 ms","timestamp":"2026-07-16 19:50:09"}
{"level":"info","message":"GET /api/v1/dashboard/overview 200 314 - 0.673 ms","timestamp":"2026-07-16 19:50:15"}
{"level":"info","message":"GET /api/v1/dashboard/charts?timeframe=30d 200 - - 0.508 ms","timestamp":"2026-07-16 19:50:15"}
{"level":"info","message":"GET /api/v1/dashboard/activities 200 - - 0.377 ms","timestamp":"2026-07-16 19:50:15"}
{"level":"info","message":"GET /api/v1/notifications 200 183 - 159.310 ms","timestamp":"2026-07-16 19:50:16"}
{"level":"info","message":"GET /api/v1/dashboard/tasks 200 178 - 304.568 ms","timestamp":"2026-07-16 19:50:16"}
{"level":"info","message":"GET /api/v1/dashboard/deals 200 182 - 378.612 ms","timestamp":"2026-07-16 19:50:16"}
{"level":"info","message":"GET /api/v1/dashboard/business-overview?timeframe=30d 200 283 - 0.640 ms","timestamp":"2026-07-16 19:50:16"}
{"level":"info","message":"GET /api/v1/dashboard/pipeline?timeframe=30d 200 720 - 0.476 ms","timestamp":"2026-07-16 19:50:16"}
{"level":"info","message":"GET /api/v1/dashboard/revenue 200 283 - 0.471 ms","timestamp":"2026-07-16 19:50:16"}
{"level":"info","message":"GET /api/v1/dashboard/team 200 181 - 0.553 ms","timestamp":"2026-07-16 19:50:16"}
{"level":"info","message":"GET /api/v1/dashboard/goals 200 358 - 0.539 ms","timestamp":"2026-07-16 19:50:16"}
{"level":"info","message":"GET /api/v1/dashboard/health 200 326 - 0.473 ms","timestamp":"2026-07-16 19:50:16"}
{"level":"info","message":"GET /api/v1/dashboard/calendar-preview 200 250 - 0.663 ms","timestamp":"2026-07-16 19:50:16"}
